BL51 BANKED LINKER/LOCATER V6.22                                                        09/24/2020  20:19:34  PAGE 1


BL51 BANKED LINKER/LOCATER V6.22, INVOKED BY:
C:\KEIL\C51\BIN\BL51.EXE STARTUP.obj, meg.obj TO meg


MEMORY MODEL: SMALL


INPUT MODULES INCLUDED:
  STARTUP.obj (?C_STARTUP)
  meg.obj (MEG)
  C:\KEIL\C51\LIB\C51S.LIB (?C_INIT)


LINK MAP OF MODULE:  meg (?C_STARTUP)


            TYPE    BASE      LENGTH    RELOCATION   SEGMENT NAME
            -----------------------------------------------------

            * * * * * * *   D A T A   M E M O R Y   * * * * * * *
            REG     0000H     0008H     ABSOLUTE     "REG BANK 0"
            DATA    0008H     000AH     UNIT         ?DT?MEG
            DATA    0012H     0002H     UNIT         _DATA_GROUP_
            IDATA   0014H     0001H     UNIT         ?STACK

            * * * * * * *   C O D E   M E M O R Y   * * * * * * *
            CODE    0000H     0003H     ABSOLUTE     
            CODE    0003H     008CH     UNIT         ?C_C51STARTUP
            CODE    008FH     002FH     UNIT         ?PR?MAIN?MEG
            CODE    00BEH     0020H     UNIT         ?PR?_DELAY?MEG
            CODE    00DEH     000DH     UNIT         ?C_INITSEG



OVERLAY MAP OF MODULE:   meg (?C_STARTUP)


SEGMENT                          DATA_GROUP 
  +--> CALLED SEGMENT          START    LENGTH
----------------------------------------------
?C_C51STARTUP                  -----    -----
  +--> ?PR?MAIN?MEG
  +--> ?C_INITSEG

?PR?MAIN?MEG                   0012H    0002H
  +--> ?PR?_DELAY?MEG



SYMBOL TABLE OF MODULE:  meg (?C_STARTUP)

  VALUE           TYPE          NAME
  ----------------------------------

  -------         MODULE        ?C_STARTUP
  C:0003H         SEGMENT       ?C_C51STARTUP
  I:0014H         SEGMENT       ?STACK
  C:0000H         PUBLIC        ?C_STARTUP
BL51 BANKED LINKER/LOCATER V6.22                                                      09/24/2020  20:19:34  PAGE 2


  D:00E0H         SYMBOL        ACC
  D:00F0H         SYMBOL        B
  D:0083H         SYMBOL        DPH
  D:0082H         SYMBOL        DPL
  N:0000H         SYMBOL        IBPSTACK
  N:0100H         SYMBOL        IBPSTACKTOP
  N:0080H         SYMBOL        IDATALEN
  C:0006H         SYMBOL        IDATALOOP
  N:0000H         SYMBOL        PBPSTACK
  N:0100H         SYMBOL        PBPSTACKTOP
  N:0000H         SYMBOL        PDATALEN
  N:0000H         SYMBOL        PDATASTART
  N:0000H         SYMBOL        PPAGE
  N:0000H         SYMBOL        PPAGEENABLE
  D:00A0H         SYMBOL        PPAGE_SFR
  D:0081H         SYMBOL        SP
  C:0003H         SYMBOL        STARTUP1
  N:0000H         SYMBOL        XBPSTACK
  N:0000H         SYMBOL        XBPSTACKTOP
  N:0000H         SYMBOL        XDATALEN
  N:0000H         SYMBOL        XDATASTART
  C:0000H         LINE#         126
  C:0003H         LINE#         133
  C:0005H         LINE#         134
  C:0006H         LINE#         135
  C:0007H         LINE#         136
  C:0009H         LINE#         185
  C:000CH         LINE#         196
  -------         ENDMOD        ?C_STARTUP

  -------         MODULE        MEG
  C:0000H         SYMBOL        _ICE_DUMMY_
  D:0080H         PUBLIC        P0
  D:00A0H         PUBLIC        P2
  C:00BEH         PUBLIC        _delay
  C:008FH         PUBLIC        main
  D:0008H         PUBLIC        seg
  -------         PROC          MAIN
  -------         DO            
  D:0012H         SYMBOL        i
  -------         ENDDO         
  C:008FH         LINE#         9
  C:008FH         LINE#         10
  C:008FH         LINE#         11
  C:0094H         LINE#         12
  C:0094H         LINE#         13
  C:0094H         LINE#         14
  C:0099H         LINE#         15
  C:0099H         LINE#         16
  C:00A1H         LINE#         17
  C:00A4H         LINE#         18
  C:00ABH         LINE#         19
  -------         ENDPROC       MAIN
  -------         PROC          _DELAY
  D:0006H         SYMBOL        n
  -------         DO            
  D:0004H         SYMBOL        i
BL51 BANKED LINKER/LOCATER V6.22                                                      09/24/2020  20:19:34  PAGE 3


  D:0002H         SYMBOL        j
  -------         ENDDO         
  C:00BEH         LINE#         23
  C:00BEH         LINE#         24
  C:00BEH         LINE#         25
  C:00C1H         LINE#         26
  C:00C8H         LINE#         27
  C:00DDH         LINE#         28
  -------         ENDPROC       _DELAY
  -------         ENDMOD        MEG

Program Size: data=21.0 xdata=0 code=235
LINK/LOCATE RUN COMPLETE.  0 WARNING(S),  0 ERROR(S)
